[04:46:16] start c1_ctr_s42 on GPU 0
[04:46:16] start c1_ctr_s43 on GPU 1
[04:46:16] start c2_m10_s42 on GPU 2
[04:46:16] start c3_w3_s42 on GPU 3
[04:53:36] c1_ctr_s42 done (GPU 0)
[04:53:36] start c4_ema_s42 on GPU 0
[04:53:41] c2_m10_s42 done (GPU 2)
[04:53:41] start c5_cam_s42 on GPU 2
[04:53:46] c1_ctr_s43 done (GPU 1)
[04:53:46] c3_w3_s42 done (GPU 3)
[04:53:46] start c6_lora_det_s42 on GPU 1
[04:53:46] start c7_lora_raw_s42 on GPU 3
[05:00:11] c4_ema_s42 done (GPU 0)
[05:00:11] start g_c0_s42 on GPU 0
[05:00:21] c5_cam_s42 done (GPU 2)
[05:00:21] start g_c0_s43 on GPU 2
[05:00:26] c6_lora_det_s42 done (GPU 1)
[05:00:26] c7_lora_raw_s42 done (GPU 3)
[05:00:26] start c2_m10_s43 on GPU 1
[05:00:26] start c3_w3_s43 on GPU 3
[05:03:26] g_c0_s42 done (GPU 0)
[05:03:26] start c4_ema_s43 on GPU 0
[05:03:46] g_c0_s43 done (GPU 2)
[05:03:46] start c5_cam_s43 on GPU 2
[05:07:21] c2_m10_s43 done (GPU 1)
[05:07:21] start c6_lora_det_s43 on GPU 1
[05:07:26] c3_w3_s43 done (GPU 3)
[05:07:26] start c7_lora_raw_s43 on GPU 3
[05:10:01] c4_ema_s43 done (GPU 0)
[05:10:11] c5_cam_s43 done (GPU 2)
[05:13:51] c6_lora_det_s43 done (GPU 1)
[05:13:56] c7_lora_raw_s43 done (GPU 3)
[05:13:56] start g_c1_s42 on GPU 0
[05:13:56] start g_c1_s43 on GPU 1
[05:13:56] start g_c2_s42 on GPU 2
[05:13:56] start g_c3_s42 on GPU 3
[05:20:37] g_c2_s42 done (GPU 2)
[05:20:37] start g_c4_s42 on GPU 2
[05:20:47] g_c1_s43 done (GPU 1)
[05:20:47] start g_c5_s42 on GPU 1
[05:20:52] g_c1_s42 done (GPU 0)
[05:20:52] g_c3_s42 done (GPU 3)
[05:20:52] start g_c6_s42 on GPU 0
[05:20:52] start g_c7_s42 on GPU 3
[05:25:07] g_c4_s42 done (GPU 2)
[05:25:07] start g_c2_s43 on GPU 2
[05:25:17] g_c5_s42 done (GPU 1)
[05:25:17] start g_c3_s43 on GPU 1
[05:25:27] g_c6_s42 done (GPU 0)
[05:25:27] start g_c4_s43 on GPU 0
[05:25:32] g_c7_s42 done (GPU 3)
[05:25:32] start g_c5_s43 on GPU 3
[05:29:57] g_c2_s43 done (GPU 2)
[05:29:57] start g_c6_s43 on GPU 2
[05:30:32] g_c3_s43 done (GPU 1)
[05:30:32] g_c4_s43 done (GPU 0)
[05:30:32] g_c5_s43 done (GPU 3)
[05:30:32] start g_c7_s43 on GPU 1
[05:32:42] g_c6_s43 done (GPU 2)
[05:33:17] g_c7_s43 done (GPU 1)
all task groups finished
